Traceback (most recent call last):
  File "/mnt/data/huakangos_snapshots/retail-browser01/dealer_desk/tests/browser_retail.py", line 81, in <module>
    if __name__=='__main__':harness.exercise=exercise;harness.main()
                                                      ~~~~~~~~~~~~^^
  File "/mnt/data/huakangos_snapshots/retail-browser01/dealer_desk/tests/browser_huakangos.py", line 475, in main
    result = exercise(browser,base,password,output)
  File "/mnt/data/huakangos_snapshots/retail-browser01/dealer_desk/tests/browser_retail.py", line 14, in exercise
    login_page(admin,base,'admin',password)
    ~~~~~~~~~~^^^^^^^^^^^^^^^^^^^^^^^^^^^^^
  File "/mnt/data/huakangos_snapshots/retail-browser01/dealer_desk/tests/browser_huakangos.py", line 47, in login_page
    page.goto(base)
    ~~~~~~~~~^^^^^^
  File "/opt/pyvenv/lib/python3.13/site-packages/playwright/sync_api/_generated.py", line 9050, in goto
    self._sync(
    ~~~~~~~~~~^
        self._impl_obj.goto(
        ^^^^^^^^^^^^^^^^^^^^
            url=url, timeout=timeout, waitUntil=wait_until, referer=referer
            ^^^^^^^^^^^^^^^^^^^^^^^^^^^^^^^^^^^^^^^^^^^^^^^^^^^^^^^^^^^^^^^
        )
        ^
    )
    ^
  File "/opt/pyvenv/lib/python3.13/site-packages/playwright/_impl/_sync_base.py", line 115, in _sync
    return task.result()
           ~~~~~~~~~~~^^
  File "/opt/pyvenv/lib/python3.13/site-packages/playwright/_impl/_page.py", line 552, in goto
    return await self._main_frame.goto(**locals_to_params(locals()))
           ^^^^^^^^^^^^^^^^^^^^^^^^^^^^^^^^^^^^^^^^^^^^^^^^^^^^^^^^^
  File "/opt/pyvenv/lib/python3.13/site-packages/playwright/_impl/_frame.py", line 153, in goto
    await self._channel.send(
        "goto", self._navigation_timeout, locals_to_params(locals())
    )
  File "/opt/pyvenv/lib/python3.13/site-packages/playwright/_impl/_connection.py", line 69, in send
    return await self._connection.wrap_api_call(
           ^^^^^^^^^^^^^^^^^^^^^^^^^^^^^^^^^^^^^
    ...<3 lines>...
    )
    ^
  File "/opt/pyvenv/lib/python3.13/site-packages/playwright/_impl/_connection.py", line 559, in wrap_api_call
    raise rewrite_error(error, f"{parsed_st['apiName']}: {error}") from None
playwright._impl._errors.Error: Page.goto: net::ERR_BLOCKED_BY_ADMINISTRATOR at http://127.0.0.1:52693/
Call log:
  - navigating to "http://127.0.0.1:52693/", waiting until "load"

