........................................................................ [ 14%]
........................................................................ [ 28%]
........................................................................ [ 42%]
........................................................................ [ 57%]
........................................................................ [ 71%]
........................................................................ [ 85%]
.......................................................................  [100%]
============================== warnings summary ===============================
.venv\Lib\site-packages\starlette\testclient.py:45
  E:\proj\huakangos_t02g_recovery_pending_20260922\dealer_desk\.venv\Lib\site-packages\starlette\testclient.py:45: DeprecationWarning: The anyio.abc.BlockingPortal alias is deprecated, use anyio.from_thread.BlockingPortal instead.
    _PortalFactoryType = Callable[[], AbstractContextManager[anyio.abc.BlockingPortal]]

tests/test_presales_stages.py::test_real_registered_lead_actions_phase_tables_chart_csv_and_role_scope
tests/test_presales_stages.py::test_real_registered_lead_actions_phase_tables_chart_csv_and_role_scope
tests/test_presales_stages.py::test_real_registered_lead_actions_phase_tables_chart_csv_and_role_scope
tests/test_presales_stages.py::test_real_registered_lead_actions_phase_tables_chart_csv_and_role_scope
tests/test_presales_stages.py::test_real_registered_lead_actions_phase_tables_chart_csv_and_role_scope
tests/test_presales_stages.py::test_real_registered_lead_actions_phase_tables_chart_csv_and_role_scope
tests/test_presales_stages.py::test_real_registered_lead_actions_phase_tables_chart_csv_and_role_scope
tests/test_presales_stages.py::test_real_registered_lead_actions_phase_tables_chart_csv_and_role_scope
  E:\proj\huakangos_t02g_recovery_pending_20260922\dealer_desk\.venv\Lib\site-packages\sqlalchemy\engine\default.py:952: DeprecationWarning: The default datetime adapter is deprecated as of Python 3.12; see the sqlite3 documentation for suggested replacement recipes
    cursor.execute(statement, parameters)

-- Docs: https://docs.pytest.org/en/stable/how-to/capture-warnings.html
503 passed, 9 warnings in 1184.46s (0:19:44)
